// Jest Snapshot v1, https://goo.gl/fbAQLP

exports[`renders correctly 1`] = `"font-fancy p-2 text-5xl text-black bg-primary"`;
